counter obsahuje 



counter obsahuje 
a


counter obsahuje 
aa


4
11
5
