<?xml version="1.0" encoding="UTF-8"?>
<program language="IPPcode18">
 <instruction order="1" opcode="LABEL">
  <arg1 type="label">$a</arg1>
 </instruction>
 <instruction order="2" opcode="LABEL">
  <arg1 type="label">-a</arg1>
 </instruction>
 <instruction order="3" opcode="LABEL">
  <arg1 type="label">_a</arg1>
 </instruction>
 <instruction order="4" opcode="LABEL">
  <arg1 type="label">*a</arg1>
 </instruction>
 <instruction order="5" opcode="LABEL">
  <arg1 type="label">%a</arg1>
 </instruction>
 <instruction order="6" opcode="LABEL">
  <arg1 type="label">&amp;a</arg1>
 </instruction>
 <instruction order="7" opcode="LABEL">
  <arg1 type="label">aksdjf</arg1>
 </instruction>
</program>
