string OK<?xml version="1.0" encoding="UTF-8"?>
<program language="IPPcode18">
 <instruction order="1" opcode="WRITE">
  <arg1 type="string">counter\032obsahuje\032</arg1>
 </instruction>
 <instruction order="2" opcode="WRITE">
  <arg1 type="bool">true</arg1>
 </instruction>
 <instruction order="3" opcode="WRITE">
  <arg1 type="bool">false</arg1>
 </instruction>
 <instruction order="4" opcode="WRITE">
  <arg1 type="int">-5</arg1>
 </instruction>
</program>
