<?xml version="1.0" encoding="UTF-8"?>
<program language="IPPcode18">
 <instruction order="1" opcode="DEFVAR">
  <arg1 type="var">GF@counter</arg1>
 </instruction>
 <instruction order="2" opcode="MOVE">
  <arg1 type="var">GF@counter</arg1>
  <arg2 type="string"></arg2>
 </instruction>
 <instruction order="3" opcode="LABEL">
  <arg1 type="label">while</arg1>
 </instruction>
 <instruction order="4" opcode="JUMPIFEQ">
  <arg1 type="label">end</arg1>
  <arg2 type="var">GF@counter</arg2>
  <arg3 type="string">aaa</arg3>
 </instruction>
 <instruction order="5" opcode="WRITE">
  <arg1 type="string">counter\032obsahuje\032</arg1>
 </instruction>
 <instruction order="6" opcode="WRITE">
  <arg1 type="var">GF@counter</arg1>
 </instruction>
 <instruction order="7" opcode="WRITE">
  <arg1 type="string">\010</arg1>
 </instruction>
 <instruction order="8" opcode="CONCAT">
  <arg1 type="var">GF@counter</arg1>
  <arg2 type="var">GF@counter</arg2>
  <arg3 type="string">příliš_žluťoučký_kůň_úpěl_ďábelské_ódy</arg3>
 </instruction>
 <instruction order="9" opcode="JUMP">
  <arg1 type="label">while</arg1>
 </instruction>
 <instruction order="10" opcode="LABEL">
  <arg1 type="label">end</arg1>
 </instruction>
 <instruction order="11" opcode="BREAK"/>
 <instruction order="12" opcode="DPRINT">
  <arg1 type="var">GF@aa</arg1>
 </instruction>
 <instruction order="13" opcode="JUMPIFNEQ">
  <arg1 type="label">whilie</arg1>
  <arg2 type="string">aa</arg2>
  <arg3 type="var">GF@aa</arg3>
 </instruction>
 <instruction order="14" opcode="READ">
  <arg1 type="var">GF@aa</arg1>
  <arg2 type="type">string</arg2>
 </instruction>
</program>
